// Jest Snapshot v1, https://goo.gl/fbAQLP

exports[`App component renders App 1`] = `
<DocumentFragment>
  <figure>
    <img
      alt="イッテツ Ittetsu"
      src="https://animalcrossing.fandom.com/wiki/Admiral"
    />
    <figcaption>
      <p>
        イッテツ Ittetsu
      </p>
      <p>
        Only quitters give up.
      </p>
    </figcaption>
  </figure>
</DocumentFragment>
`;
